// Jest Snapshot v1, https://goo.gl/fbAQLP

exports[`Logger snapshot 1`] = `
<div>
  <div>
    coucou
  </div>
</div>
`;
